Godot Engine v4.3.stable.mono.official.77dcf97d8 - https://godotengine.org
Vulkan 1.4.312 - Forward+ - Using Device #0: NVIDIA - NVIDIA GeForce RTX 4060 Laptop GPU

[UNIVERSE] Universe Generated. Current Chunk: (0, 0). Total Chunks: 9
[UNIVERSE] Initial Chunk Items: 4
[UNIVERSE] - Planet 236-W at (-19926.139, -6508.0547, 4327.2856) (Planet)
[UNIVERSE] - Planet 296-H at (-6123.5186, -550.1613, -3306.6912) (Planet)
[UNIVERSE] - Debris Field 114-D at (26503.271, -29437.457, 27038.457) (Wreckage)
[UNIVERSE] - Station 952-F at (4181.7036, 3962.669, 1371.3833) (SpaceStation)
[RADAR] LocalMap Ready initialized.
[RADAR] PlayerShip found: Player
[RADAR] Auto-added 'RadarTargets' group to Asteroid1
[RADAR] Auto-added 'RadarTargets' group to Asteroid2
[RADAR] Auto-added 'RadarTargets' group to Planet
PlanetRandomizer: Ready called.
PlanetRandomizer: Found 2 textures.
PlanetRandomizer: Selected texture res://assets/textures/earth.png
PlanetRandomizer: Ready called.
PlanetRandomizer: Found 2 textures.
PlanetRandomizer: Selected texture res://assets/textures/earth.png
PlanetRandomizer: Ready called.
PlanetRandomizer: Found 2 textures.
PlanetRandomizer: Selected texture res://assets/textures/gas_giant.png
Ship: Local Map Material Applied with ViewportTexture.
USER ERROR: Couldn't form plane from Brush A face.
   at: update_faces (modules/csg/csg.cpp:1461)
USER ERROR: Couldn't form plane from Brush A face.
   at: update_faces (modules/csg/csg.cpp:1461)
USER ERROR: Couldn't form plane from Brush A face.
   at: update_faces (modules/csg/csg.cpp:1461)
USER ERROR: Couldn't form plane from Brush A face.
   at: update_faces (modules/csg/csg.cpp:1461)
Taking control of the ship.

=== RADAR ASCII DUMP (Targets: 3) ===
.........O...........
.....................
.....................
.....................
.....................
.....................
.....................
.....................
.....................
.....................
..........P..........
.....................
.....................
.....................
.....................
.....................
.....................
.....................
.....................
.....................
.....................

=========================================


=== RADAR ASCII DUMP (Targets: 3) ===
.....................
.....................
.....................
.....................
.....................
..........O..........
.....................
.....................
.....................
.....................
.....O....P..........
.....................
.....................
.....................
.....................
.....................
.....................
.....................
.....................
.....................
.....................

=========================================

