Godot Engine v4.3.stable.mono.official.77dcf97d8 - https://godotengine.org
Vulkan 1.4.312 - Forward+ - Using Device #0: NVIDIA - NVIDIA GeForce RTX 4060 Laptop GPU

[UNIVERSE] Universe Generated. Current Chunk: (0, 0). Total Chunks: 9
[UNIVERSE] Initial Chunk Items: 7
[UNIVERSE] - Planet 802-O at (7819.474, 10825.411, -2167.9739) (Planet)
[UNIVERSE] - Planet 463-P at (-18147.746, 4641.893, -18672.488) (Planet)
[UNIVERSE] - Planet 877-C at (30776.314, 18241.555, -23109.684) (Planet)
[UNIVERSE] - Asteroid Field 502-O at (19996.62, 22976.107, -3731.7117) (AsteroidField)
[UNIVERSE] - Station 345-O at (20347.975, -22505.818, 18643.807) (SpaceStation)
[UNIVERSE] - Station 398-C at (35682.484, -19856.723, -19089.441) (SpaceStation)
[UNIVERSE] - Station 227-D at (-13215.379, 9725.227, 16676.324) (SpaceStation)
[RADAR] LocalMap Ready initialized.
[RADAR] PlayerShip found: Player
PlanetRandomizer: Ready called.
PlanetRandomizer: Found 2 textures.
PlanetRandomizer: Selected texture res://assets/textures/earth.png
PlanetRandomizer: Ready called.
PlanetRandomizer: Found 2 textures.
PlanetRandomizer: Selected texture res://assets/textures/gas_giant.png
PlanetRandomizer: Ready called.
PlanetRandomizer: Found 2 textures.
PlanetRandomizer: Selected texture res://assets/textures/gas_giant.png
Ship: Local Map Material Applied with ViewportTexture.
USER ERROR: Couldn't form plane from Brush A face.
   at: update_faces (modules/csg/csg.cpp:1461)
USER ERROR: Couldn't form plane from Brush A face.
   at: update_faces (modules/csg/csg.cpp:1461)
USER ERROR: Couldn't form plane from Brush A face.
   at: update_faces (modules/csg/csg.cpp:1461)
USER ERROR: Couldn't form plane from Brush A face.
   at: update_faces (modules/csg/csg.cpp:1461)
Taking control of the ship.
