Godot Engine v4.3.stable.mono.official.77dcf97d8 - https://godotengine.org
Vulkan 1.4.312 - Forward+ - Using Device #0: NVIDIA - NVIDIA GeForce RTX 4060 Laptop GPU

[UNIVERSE] Universe Generated. Current Chunk: (0, 0). Total Chunks: 9
[UNIVERSE] Initial Chunk Items: 5
[UNIVERSE] - Planet 277-R at (30174.299, 33679.51, -12048.294) (Planet)
[UNIVERSE] - Planet 464-T at (-27054.31, -25443.049, -16563.752) (Planet)
[UNIVERSE] - Planet 330-S at (-15421.253, 15209.404, -15523.368) (Planet)
[UNIVERSE] - Derelict Ship 343-J at (-19349.273, -13881.701, 241.3656) (AbandonedShip)
[UNIVERSE] - Asteroid Field 710-O at (-7766.0073, -2374.412, -5177.5913) (AsteroidField)
[RADAR] LocalMap Ready initialized.
[RADAR] PlayerShip found: Player
[RADAR] Auto-added 'RadarTargets' group to Asteroid1
[RADAR] Auto-added 'RadarTargets' group to Asteroid2
[RADAR] Auto-added 'RadarTargets' group to Planet
PlanetRandomizer: Ready called.
PlanetRandomizer: Found 2 textures.
PlanetRandomizer: Selected texture res://assets/textures/earth.png
PlanetRandomizer: Ready called.
PlanetRandomizer: Found 2 textures.
PlanetRandomizer: Selected texture res://assets/textures/earth.png
PlanetRandomizer: Ready called.
PlanetRandomizer: Found 2 textures.
PlanetRandomizer: Selected texture res://assets/textures/earth.png
Ship: Local Map Material Applied with ViewportTexture.
USER ERROR: Couldn't form plane from Brush A face.
   at: update_faces (modules/csg/csg.cpp:1461)
USER ERROR: Couldn't form plane from Brush A face.
   at: update_faces (modules/csg/csg.cpp:1461)
USER ERROR: Couldn't form plane from Brush A face.
   at: update_faces (modules/csg/csg.cpp:1461)
USER ERROR: Couldn't form plane from Brush A face.
   at: update_faces (modules/csg/csg.cpp:1461)
Taking control of the ship.

=== RADAR ASCII DUMP (Targets: 3) ===
[RADAR] Ship Forward Vector (XZ): (-0, -1)
[RADAR] Ship Heading Angle: -90 degrees
.....................
.....................
......O..............
.....................
.....................
.....................
.....................
.....................
.....................
.....................
..........P..........
.....................
.....................
.....................
.....................
.....................
.....................
.....................
.....................
.....................
.....................

=========================================


=== RADAR ASCII DUMP (Targets: 3) ===
[RADAR] Ship Forward Vector (XZ): (-0.2951721, -0.95544416)
[RADAR] Ship Heading Angle: -107.167854 degrees
.....................
...................O.
.....................
.........O...........
.....................
.....................
.....................
.....................
.....................
.....................
..........P..........
.....................
.....................
.....................
.....................
.....................
.....................
.....................
.....................
.....................
.....................

=========================================

