Godot Engine v4.3.stable.mono.official.77dcf97d8 - https://godotengine.org
Vulkan 1.4.312 - Forward+ - Using Device #0: NVIDIA - NVIDIA GeForce RTX 4060 Laptop GPU

[UNIVERSE] Universe Generated. Current Chunk: (0, 0). Total Chunks: 9
[UNIVERSE] Initial Chunk Items: 4
[UNIVERSE] - Planet 948-I at (2294.3118, 8425.6875, -6164.3037) (Planet)
[UNIVERSE] - Planet 538-T at (-2153.9036, 7435.4736, 5332.3945) (Planet)
[UNIVERSE] - Debris Field 934-V at (-3799.799, -4063.3516, -2418.069) (Wreckage)
[UNIVERSE] - Station 655-G at (7376.502, -19407.002, -240.1697) (SpaceStation)
[RADAR] LocalMap Ready initialized.
[RADAR] PlayerShip found: Player
[RADAR] Auto-added 'RadarTargets' group to Asteroid1
[RADAR] Auto-added 'RadarTargets' group to Asteroid2
[RADAR] Auto-added 'RadarTargets' group to Planet
PlanetRandomizer: Ready called.
PlanetRandomizer: Found 2 textures.
PlanetRandomizer: Selected texture res://assets/textures/earth.png
PlanetRandomizer: Ready called.
PlanetRandomizer: Found 2 textures.
PlanetRandomizer: Selected texture res://assets/textures/gas_giant.png
PlanetRandomizer: Ready called.
PlanetRandomizer: Found 2 textures.
PlanetRandomizer: Selected texture res://assets/textures/gas_giant.png
Ship: Local Map Material Applied with ViewportTexture.
USER ERROR: Couldn't form plane from Brush A face.
   at: update_faces (modules/csg/csg.cpp:1461)
USER ERROR: Couldn't form plane from Brush A face.
   at: update_faces (modules/csg/csg.cpp:1461)
USER ERROR: Couldn't form plane from Brush A face.
   at: update_faces (modules/csg/csg.cpp:1461)
USER ERROR: Couldn't form plane from Brush A face.
   at: update_faces (modules/csg/csg.cpp:1461)
[PLAYER] Entering Pilot Mode
Taking control of the ship.
Warp requested to Planet 948-I
Ship: Initiating Warp to Planet 948-I at (2294.3118, 8425.6875, -6164.3037)...

=== RADAR ASCII DUMP (Targets: 3) ===
[RADAR] Ship Forward Vector (XZ): (0.34881613, -0.9371912)
[RADAR] Ship Heading Angle: -69.58508 degrees
..........O..........
.....................
.....................
.....................
...O.................
.....................
.....................
.....................
.....................
.....................
..........P..........
.....................
.....................
.....................
.....................
.....................
.....................
.....................
.....................
.....................
.....................

=========================================

Ship: WARP ENGAGED
Ship: Arrived at Planet 948-I
[SHIP] Spawned Planet from res://scenes/Planet.tscn and added to 'RadarTargets'.
PlanetRandomizer: Ready called.
PlanetRandomizer: Found 2 textures.
PlanetRandomizer: Selected texture res://assets/textures/earth.png

=== RADAR ASCII DUMP (Targets: 4) ===
[RADAR] Ship Forward Vector (XZ): (0.34881613, -0.9371912)
[RADAR] Ship Heading Angle: -69.58508 degrees
.....................
.....................
.....................
.....................
.....................
..........O..........
.....................
.....................
.....................
.....................
..........P..........
.....................
.....................
.....................
.....................
.....................
.....................
.....................
.....................
.....................
.....................

=========================================


=== RADAR ASCII DUMP (Targets: 4) ===
[RADAR] Ship Forward Vector (XZ): (-0.53188115, -0.846819)
[RADAR] Ship Heading Angle: -122.13265 degrees
.....................
.....................
.....................
.....................
.....................
.....................
.....................
.....................
.....................
............O........
..........P..........
.....................
.....................
.....................
.....................
.....................
.....................
.....................
.....................
.....................
.....................

=========================================


=== RADAR ASCII DUMP (Targets: 4) ===
[RADAR] Ship Forward Vector (XZ): (0.61714685, 0.786848)
[RADAR] Ship Heading Angle: 51.891922 degrees
.....................
.....................
.....................
.....................
.....................
.....................
.....................
.....................
.....................
..........O..........
..........P..........
.....................
.....................
.....................
.....................
.....................
.....................
.....................
.....................
.....................
.....................

=========================================

