Godot Engine v4.3.stable.mono.official.77dcf97d8 - https://godotengine.org
Vulkan 1.4.312 - Forward+ - Using Device #0: NVIDIA - NVIDIA GeForce RTX 4060 Laptop GPU

[UNIVERSE] Universe Generated. Current Chunk: (0, 0). Total Chunks: 9
[UNIVERSE] Initial Chunk Items: 6
[UNIVERSE] - Planet 823-D at (20644.004, 23129.482, -13399.066) (Planet)
[UNIVERSE] - Station 264-S at (-38623.113, -28695.36, -11921.223) (SpaceStation)
[UNIVERSE] - Station 892-Q at (-4555.6504, 25008.217, 22363.623) (SpaceStation)
[UNIVERSE] - Drone Patrol 403 at (-1731.843, -4560.663, -1800.2979) (AsteroidField)
[UNIVERSE] - Station 492-B at (8088.4253, 814.5566, 20792.295) (SpaceStation)
[UNIVERSE] - Asteroid Field 662-R at (3888.117, 542.50775, -3176.5908) (AsteroidField)
[RADAR] LocalMap Ready initialized.
[RADAR] PlayerShip found: Player
[RADAR] Auto-added 'RadarTargets' group to Asteroid1
[RADAR] Auto-added 'RadarTargets' group to Asteroid2
[RADAR] Auto-added 'RadarTargets' group to Planet
PlanetRandomizer: Ready called.
PlanetRandomizer: Found 2 textures.
PlanetRandomizer: Selected texture res://assets/textures/gas_giant.png
PlanetRandomizer: Ready called.
PlanetRandomizer: Found 2 textures.
PlanetRandomizer: Selected texture res://assets/textures/earth.png
PlanetRandomizer: Ready called.
PlanetRandomizer: Found 2 textures.
PlanetRandomizer: Selected texture res://assets/textures/earth.png
Ship: Local Map Material Applied with ViewportTexture.
USER ERROR: Couldn't form plane from Brush A face.
   at: update_faces (modules/csg/csg.cpp:1461)
USER ERROR: Couldn't form plane from Brush A face.
   at: update_faces (modules/csg/csg.cpp:1461)
USER ERROR: Couldn't form plane from Brush A face.
   at: update_faces (modules/csg/csg.cpp:1461)
USER ERROR: Couldn't form plane from Brush A face.
   at: update_faces (modules/csg/csg.cpp:1461)

=== RADAR ASCII DUMP (Targets: 3) ===
[RADAR] Ship Forward Vector (XZ): (-0, -1)
[RADAR] Ship Heading Angle: -90 degrees
.....................
.....................
.....................
.....................
.....................
.....................
.....................
.....................
.....................
.....................
..........P..........
.....................
.....................
.....................
.....................
.....................
.....................
.....................
.....................
.....................
.....................

=========================================


=== RADAR ASCII DUMP (Targets: 3) ===
[RADAR] Ship Forward Vector (XZ): (-0, -1)
[RADAR] Ship Heading Angle: -90 degrees
.....................
.....................
.....................
.....................
.....................
.....................
.....................
.....................
.....................
.....................
..........P..........
.....................
.....................
.....................
.....................
.....................
.....................
.....................
.....................
.....................
.....................

=========================================

Taking control of the ship.

=== RADAR ASCII DUMP (Targets: 3) ===
[RADAR] Ship Forward Vector (XZ): (-0, -1)
[RADAR] Ship Heading Angle: -90 degrees
.....................
.....................
.....................
.....................
.....................
.....................
.....................
.....................
.....................
.....................
..........P..........
.....................
.....................
.....................
.....................
.....................
.....................
.....................
.....................
.....................
.....................

=========================================


=== RADAR ASCII DUMP (Targets: 3) ===
[RADAR] Ship Forward Vector (XZ): (-0, -1)
[RADAR] Ship Heading Angle: -90 degrees
.....................
................O....
.....................
.....................
.....................
.....................
.....................
......O..............
.....................
.....................
..........P..........
.....................
.....................
.....................
.....................
.....................
.....................
.....................
.....................
.....................
.....................

=========================================


=== RADAR ASCII DUMP (Targets: 3) ===
[RADAR] Ship Forward Vector (XZ): (-0.23122178, -0.97290105)
[RADAR] Ship Heading Angle: -103.36901 degrees
.....................
.....................
.....................
.....................
.....................
.....................
.....................
.....................
.....................
.....................
..........P.....O....
.....................
.....................
......O..............
.....................
.....................
.....................
.....................
.....................
.....................
.....................

=========================================

Warp requested to Asteroid Field 662-R
Ship: Initiating Warp to Asteroid Field 662-R at (3888.117, 542.50775, -3176.5908)...
Ship: WARP ENGAGED
Ship: Arrived at Asteroid Field 662-R
Ship: No scene for AsteroidField. Spawning placeholder.

=== RADAR ASCII DUMP (Targets: 3) ===
[RADAR] Ship Forward Vector (XZ): (0.77440554, -0.63268954)
[RADAR] Ship Heading Angle: -39.248833 degrees
.....................
.....................
.....................
.....................
.....................
.....................
.....................
.....................
.....................
.....................
..........P..........
.....................
.....................
.....................
.....................
.....................
.....................
.....................
.....................
.....................
.....................

=========================================


=== RADAR ASCII DUMP (Targets: 3) ===
[RADAR] Ship Forward Vector (XZ): (0.27930236, -0.9602032)
[RADAR] Ship Heading Angle: -73.781425 degrees
.....................
.....................
.....................
.....................
.....................
.....................
.....................
.....................
.....................
.....................
..........P..........
.....................
.....................
.....................
.....................
.....................
.....................
.....................
.....................
.....................
.....................

=========================================

Warp requested to Planet 823-D
Ship: Initiating Warp to Planet 823-D at (20644.004, 23129.482, -13399.066)...
Ship: WARP ENGAGED
Ship: Arrived at Planet 823-D
[SHIP] Spawned Planet from res://scenes/Planet.tscn and added to 'RadarTargets'.
PlanetRandomizer: Ready called.
PlanetRandomizer: Found 2 textures.
PlanetRandomizer: Selected texture res://assets/textures/earth.png

=== RADAR ASCII DUMP (Targets: 4) ===
[RADAR] Ship Forward Vector (XZ): (0.83884144, -0.54437596)
[RADAR] Ship Heading Angle: -32.98203 degrees
.....................
.....................
.....................
.....................
.....................
.....................
..........O..........
.....................
.....................
.....................
..........P..........
.....................
.....................
.....................
.....................
.....................
.....................
.....................
.....................
.....................
.....................

=========================================

